// Jest Snapshot v1, https://goo.gl/fbAQLP

exports[`RecipeListingFromData renders as expected when no recipe is returned 1`] = `
<ErrorCard
  error={[Error: Recipe could not be found]}
/>
`;
