// Jest Snapshot v1, https://goo.gl/fbAQLP

exports[`RecipeListingFromData renders as expected when loading 1`] = `<LoadingCard />`;
