// Jest Snapshot v1, https://goo.gl/fbAQLP

exports[`RandomRecipeListing renders as expected when loading 1`] = `<LoadingCard />`;
