// Jest Snapshot v1, https://goo.gl/fbAQLP

exports[`FilterResults renders as expected when an error is returned 1`] = `
<ErrorCard
  error={[Error: There has been an error]}
/>
`;
