// Jest Snapshot v1, https://goo.gl/fbAQLP

exports[`NotFound renders as expected 1`] = `<NotFoundState />`;
