// Jest Snapshot v1, https://goo.gl/fbAQLP

exports[`Recipe renders as expected when an error is returned 1`] = `
<ErrorCard
  error={[Error: There was an error]}
  mt="100px"
  showBorder={false}
/>
`;
