// Jest Snapshot v1, https://goo.gl/fbAQLP

exports[`Recipe renders as expected 1`] = `
<Flex
  flexDirection="column"
>
  <RecipeHeader
    recipe={
      {
        "area": "French",
        "category": "Side",
        "id": "52922",
        "image": "https://www.themealdb.com/images/media/meals/rtwwvv1511799504.jpg",
        "ingredientCount": 12,
        "ingredients": [
          {
            "image": "https://www.themealdb.com/images/ingredients/Tiger Prawns.png",
            "measurement": "450g",
            "name": "Tiger Prawns",
          },
          {
            "image": "https://www.themealdb.com/images/ingredients/Olive Oil.png",
            "measurement": "4 tbs",
            "name": "Olive Oil",
          },
          {
            "image": "https://www.themealdb.com/images/ingredients/Onion.png",
            "measurement": "1 large",
            "name": "Onion",
          },
          {
            "image": "https://www.themealdb.com/images/ingredients/Fennel.png",
            "measurement": "1 large",
            "name": "Fennel",
          },
          {
            "image": "https://www.themealdb.com/images/ingredients/Carrots.png",
            "measurement": "2 chopped",
            "name": "Carrots",
          },
          {
            "image": "https://www.themealdb.com/images/ingredients/Dry White Wine.png",
            "measurement": "150ml",
            "name": "Dry White Wine",
          },
          {
            "image": "https://www.themealdb.com/images/ingredients/Brandy.png",
            "measurement": "1 tbs",
            "name": "Brandy",
          },
          {
            "image": "https://www.themealdb.com/images/ingredients/Chopped Tomatoes.png",
            "measurement": "400g",
            "name": "Chopped Tomatoes",
          },
          {
            "image": "https://www.themealdb.com/images/ingredients/Fish Stock.png",
            "measurement": "1L",
            "name": "Fish Stock",
          },
          {
            "image": "https://www.themealdb.com/images/ingredients/Paprika.png",
            "measurement": "2 pinches",
            "name": "Paprika",
          },
          {
            "image": "https://www.themealdb.com/images/ingredients/Double Cream.png",
            "measurement": "150ml",
            "name": "Double Cream",
          },
          {
            "image": "https://www.themealdb.com/images/ingredients/Prawns.png",
            "measurement": "8",
            "name": "Prawns",
          },
        ],
        "instructions": [
          "Shell the prawns, then fry the shells in the oil in a large pan for about 5 mins. ",
          "Add the onion, fennel and carrots and cook for about 10 mins until the veg start to soften. ",
          "Pour in the wine and brandy, bubble hard for about 1 min to drive off the alcohol, then add the tomatoes, stock and paprika. ",
          "Cover and simmer for 30 mins. ",
          "Meanwhile, chop the prawns.
Blitz the soup as finely as you can with a stick blender or food processor, then press through a sieve into a bowl. ",
          "Spend a bit of time really working the mixture through the sieve as this will give the soup its velvety texture.
Tip back into a clean pan, add the prawns and cook for 10 mins, then blitz again until smooth. ",
          "You can make and chill this a day ahead or freeze it for 1 month. ",
          "Thaw ovenight in the fridge. ",
          "To serve, gently reheat in a pan with the cream. ",
          "If garnishing, cook the 8 prawns in a little butter. ",
          "Spoon into small bowls and top with the prawns and snipped fennel fronds.",
        ],
        "name": "Prawn & Fennel Bisque",
        "source": "https://www.bbcgoodfood.com/recipes/71600/prawn-and-fennel-bisque",
        "tags": [
          "Soup",
          "Warm",
          "Seafood",
          "Shellfish",
        ],
        "thumbnail": "https://www.themealdb.com/images/media/meals/rtwwvv1511799504.jpg/preview",
        "time": 75,
        "youtube": "https://www.youtube.com/watch?v=4thpMbDakgM",
      }
    }
  />
  <Flex
    flexDirection="column"
    p={4}
  >
    <IngredientList
      ingredients={
        [
          {
            "image": "https://www.themealdb.com/images/ingredients/Tiger Prawns.png",
            "measurement": "450g",
            "name": "Tiger Prawns",
          },
          {
            "image": "https://www.themealdb.com/images/ingredients/Olive Oil.png",
            "measurement": "4 tbs",
            "name": "Olive Oil",
          },
          {
            "image": "https://www.themealdb.com/images/ingredients/Onion.png",
            "measurement": "1 large",
            "name": "Onion",
          },
          {
            "image": "https://www.themealdb.com/images/ingredients/Fennel.png",
            "measurement": "1 large",
            "name": "Fennel",
          },
          {
            "image": "https://www.themealdb.com/images/ingredients/Carrots.png",
            "measurement": "2 chopped",
            "name": "Carrots",
          },
          {
            "image": "https://www.themealdb.com/images/ingredients/Dry White Wine.png",
            "measurement": "150ml",
            "name": "Dry White Wine",
          },
          {
            "image": "https://www.themealdb.com/images/ingredients/Brandy.png",
            "measurement": "1 tbs",
            "name": "Brandy",
          },
          {
            "image": "https://www.themealdb.com/images/ingredients/Chopped Tomatoes.png",
            "measurement": "400g",
            "name": "Chopped Tomatoes",
          },
          {
            "image": "https://www.themealdb.com/images/ingredients/Fish Stock.png",
            "measurement": "1L",
            "name": "Fish Stock",
          },
          {
            "image": "https://www.themealdb.com/images/ingredients/Paprika.png",
            "measurement": "2 pinches",
            "name": "Paprika",
          },
          {
            "image": "https://www.themealdb.com/images/ingredients/Double Cream.png",
            "measurement": "150ml",
            "name": "Double Cream",
          },
          {
            "image": "https://www.themealdb.com/images/ingredients/Prawns.png",
            "measurement": "8",
            "name": "Prawns",
          },
        ]
      }
    />
    <Method
      instructions={
        [
          "Shell the prawns, then fry the shells in the oil in a large pan for about 5 mins. ",
          "Add the onion, fennel and carrots and cook for about 10 mins until the veg start to soften. ",
          "Pour in the wine and brandy, bubble hard for about 1 min to drive off the alcohol, then add the tomatoes, stock and paprika. ",
          "Cover and simmer for 30 mins. ",
          "Meanwhile, chop the prawns.
Blitz the soup as finely as you can with a stick blender or food processor, then press through a sieve into a bowl. ",
          "Spend a bit of time really working the mixture through the sieve as this will give the soup its velvety texture.
Tip back into a clean pan, add the prawns and cook for 10 mins, then blitz again until smooth. ",
          "You can make and chill this a day ahead or freeze it for 1 month. ",
          "Thaw ovenight in the fridge. ",
          "To serve, gently reheat in a pan with the cream. ",
          "If garnishing, cook the 8 prawns in a little butter. ",
          "Spoon into small bowls and top with the prawns and snipped fennel fronds.",
        ]
      }
    />
    <Box
      border="1px solid var(--chakra-colors-light-text)"
      mt="80px"
    >
      <AspectRatio
        maxWidth="100%"
        ratio={1.7777777777777777}
      >
        <iframe
          allow="accelerometer; autoplay; clipboard-write; encrypted-media; gyroscope; picture-in-picture; web-share"
          allowFullScreen={true}
          src="https://www.youtube.com/embed/4thpMbDakgM"
          title="Prawn & Fennel Bisque tutorial video"
        />
      </AspectRatio>
    </Box>
    <Link
      _hover={
        {
          "transform": "scale(1.1)",
          "transition": "transform 250ms ease-in",
        }
      }
      as={
        {
          "$$typeof": Symbol(react.forward_ref),
          "default": [Circular],
          "render": [Function],
        }
      }
      href="https://www.bbcgoodfood.com/recipes/71600/prawn-and-fennel-bisque"
      isExternal={true}
      mt={8}
      transition="transform 250ms ease-out"
      width="fit-content"
    >
      <Text
        variant="body"
      >
         Click to see the original recipe source
      </Text>
    </Link>
  </Flex>
</Flex>
`;
