// Jest Snapshot v1, https://goo.gl/fbAQLP

exports[`Recipe renders as expected when loading 1`] = `
<LoadingCard
  mt="100px"
  showBorder={false}
/>
`;
